2025-07-30 09:38:39.903 [main] WARN  com.alibaba.nacos.client.logging.NacosLogging - Load Logback Configuration of Nacos fail, message: Could not initialize Logback Nacos logging from classpath:nacos-logback.xml
2025-07-30 09:38:39.968 [main] WARN  com.alibaba.nacos.client.logging.NacosLogging - Load Logback Configuration of Nacos fail, message: Could not initialize Logback Nacos logging from classpath:nacos-logback.xml
2025-07-30 09:38:40.179 [main] WARN  com.alibaba.nacos.client.logging.NacosLogging - Load Logback Configuration of Nacos fail, message: Could not initialize Logback Nacos logging from classpath:nacos-logback.xml
2025-07-30 09:38:40.181 [main] INFO  com.alibaba.nacos.client.utils.ParamUtil - [settings] [req-serv] nacos-server port:8848
2025-07-30 09:38:40.181 [main] INFO  com.alibaba.nacos.client.utils.ParamUtil - [settings] [http-client] connect timeout:1000
2025-07-30 09:38:40.183 [main] INFO  com.alibaba.nacos.client.utils.ParamUtil - PER_TASK_CONFIG_SIZE: 3000.0
2025-07-30 09:38:40.217 [main] INFO  c.a.n.p.auth.spi.client.ClientAuthPluginManager - [ClientAuthPluginManager] Load ClientAuthService com.alibaba.nacos.client.auth.impl.NacosClientAuthServiceImpl success.
2025-07-30 09:38:40.217 [main] INFO  c.a.n.p.auth.spi.client.ClientAuthPluginManager - [ClientAuthPluginManager] Load ClientAuthService com.alibaba.nacos.client.auth.ram.RamClientAuthServiceImpl success.
2025-07-30 09:38:40.220 [main] INFO  c.a.n.client.auth.ram.identify.CredentialWatcher - null No credential found
2025-07-30 09:38:41.477 [main] WARN  com.alibaba.nacos.client.logging.NacosLogging - Load Logback Configuration of Nacos fail, message: Could not initialize Logback Nacos logging from classpath:nacos-logback.xml
2025-07-30 09:38:41.495 [main] INFO  c.a.n.client.config.impl.LocalConfigInfoProcessor - LOCAL_SNAPSHOT_PATH:C:\Users\50723\nacos\config
2025-07-30 09:38:41.501 [main] INFO  com.alibaba.nacos.common.remote.client - [RpcClientFactory] create a new rpc client of 77a4bf27-ca7a-4584-a26b-87d672a4db39_config-0
2025-07-30 09:38:41.527 [main] INFO  com.alibaba.nacos.common.remote.client - [77a4bf27-ca7a-4584-a26b-87d672a4db39_config-0] Register server push request handler:com.alibaba.nacos.client.config.impl.ClientWorker$ConfigRpcTransportClient$$Lambda$931/0x000002160146f3b0
2025-07-30 09:38:41.528 [main] INFO  com.alibaba.nacos.common.remote.client - [77a4bf27-ca7a-4584-a26b-87d672a4db39_config-0] Register server push request handler:com.alibaba.nacos.client.config.impl.ClientWorker$ConfigRpcTransportClient$$Lambda$932/0x000002160146f7d0
2025-07-30 09:38:41.529 [main] INFO  com.alibaba.nacos.common.remote.client - [77a4bf27-ca7a-4584-a26b-87d672a4db39_config-0] Registry connection listener to current client:com.alibaba.nacos.client.config.impl.ClientWorker$ConfigRpcTransportClient$1
2025-07-30 09:38:41.530 [main] INFO  com.alibaba.nacos.common.remote.client - [77a4bf27-ca7a-4584-a26b-87d672a4db39_config-0] RpcClient init, ServerListFactory = com.alibaba.nacos.client.config.impl.ClientWorker$ConfigRpcTransportClient$2
2025-07-30 09:38:41.543 [main] INFO  com.alibaba.nacos.common.remote.client - [77a4bf27-ca7a-4584-a26b-87d672a4db39_config-0] Try to connect to server on start up, server: {serverIp = '127.0.0.1', server main port = 8848}
2025-07-30 09:38:41.590 [main] INFO  c.a.nacos.common.remote.client.grpc.GrpcClient - grpc client connection server:127.0.0.1 ip,serverPort:9848,grpcTslConfig:{"sslProvider":"OPENSSL","enableTls":false,"mutualAuthEnable":false,"trustAll":false}
2025-07-30 09:38:42.467 [main] INFO  com.alibaba.nacos.common.remote.client - [77a4bf27-ca7a-4584-a26b-87d672a4db39_config-0] Success to connect to server [127.0.0.1:8848] on start up, connectionId = 1753839522271_127.0.0.1_53656
2025-07-30 09:38:42.468 [com.alibaba.nacos.client.remote.worker] INFO  com.alibaba.nacos.common.remote.client - [77a4bf27-ca7a-4584-a26b-87d672a4db39_config-0] Notify connected event to listeners.
2025-07-30 09:38:42.468 [com.alibaba.nacos.client.remote.worker] INFO  com.alibaba.nacos.client.config.impl.ClientWorker - [77a4bf27-ca7a-4584-a26b-87d672a4db39_config-0] Connected,notify listen context...
2025-07-30 09:38:42.468 [main] INFO  com.alibaba.nacos.common.remote.client - [77a4bf27-ca7a-4584-a26b-87d672a4db39_config-0] Register server push request handler:com.alibaba.nacos.common.remote.client.RpcClient$ConnectResetRequestHandler
2025-07-30 09:38:42.469 [main] INFO  com.alibaba.nacos.common.remote.client - [77a4bf27-ca7a-4584-a26b-87d672a4db39_config-0] Register server push request handler:com.alibaba.nacos.common.remote.client.RpcClient$$Lambda$951/0x00000216015d7140
2025-07-30 09:38:42.516 [main] INFO  com.alibaba.nacos.client.config.impl.Limiter - limitTime:5.0
2025-07-30 09:38:42.532 [main] INFO  com.alibaba.nacos.client.config.utils.JvmUtil - isMultiInstance:false
2025-07-30 09:38:42.544 [main] WARN  c.a.cloud.nacos.client.NacosPropertySourceBuilder - Ignore the empty nacos configuration and get it based on dataId[xiaohashu-auth.yaml] & group[DEFAULT_GROUP]
2025-07-30 09:38:42.548 [main] WARN  c.a.cloud.nacos.client.NacosPropertySourceBuilder - Ignore the empty nacos configuration and get it based on dataId[xiaohashu-auth-dev.yaml] & group[DEFAULT_GROUP]
2025-07-30 09:38:42.549 [main] INFO  o.s.c.b.c.PropertySourceBootstrapConfiguration - Located property source: [BootstrapPropertySource {name='bootstrapProperties-xiaohashu-auth-dev.yaml,DEFAULT_GROUP'}, BootstrapPropertySource {name='bootstrapProperties-xiaohashu-auth.yaml,DEFAULT_GROUP'}, BootstrapPropertySource {name='bootstrapProperties-xiaohashu-auth,DEFAULT_GROUP'}]
2025-07-30 09:38:42.594 [main] WARN  com.alibaba.nacos.client.logging.NacosLogging - Load Logback Configuration of Nacos fail, message: Could not initialize Logback Nacos logging from classpath:nacos-logback.xml
2025-07-30 09:38:42.596 [main] INFO  com.quanxiaoha.xiaohashu.auth.DruidTests - The following 1 profile is active: "dev"
2025-07-30 09:38:43.650 [main] INFO  o.s.d.r.config.RepositoryConfigurationDelegate - Multiple Spring Data modules found, entering strict repository configuration mode
2025-07-30 09:38:43.656 [main] INFO  o.s.d.r.config.RepositoryConfigurationDelegate - Bootstrapping Spring Data Redis repositories in DEFAULT mode.
2025-07-30 09:38:43.715 [main] INFO  o.s.d.r.config.RepositoryConfigurationDelegate - Finished Spring Data repository scanning in 19 ms. Found 0 Redis repository interfaces.
2025-07-30 09:38:43.973 [main] INFO  o.springframework.cloud.context.scope.GenericScope - BeanFactory id=730e8151-fa5c-363b-b295-76bd648333e2
2025-07-30 09:38:44.451 [main] INFO  c.a.d.s.b.a.DruidDataSourceAutoConfigure - Init DruidDataSource
2025-07-30 09:38:44.592 [main] INFO  com.alibaba.druid.pool.DruidDataSource - {dataSource-1} inited
2025-07-30 09:38:47.371 [main] INFO  org.springframework.cloud.commons.util.InetUtils - Cannot determine local hostname
2025-07-30 09:38:48.795 [main] INFO  org.springframework.cloud.commons.util.InetUtils - Cannot determine local hostname
2025-07-30 09:38:48.830 [main] INFO  com.quanxiaoha.xiaohashu.auth.DruidTests - Started DruidTests in 10.472 seconds (process running for 11.781)
2025-07-30 09:38:48.831 [main] INFO  c.q.x.auth.runner.PushRolePermissions2RedisRunner - ==> 服务启动，开始同步角色权限数据到 Redis 中...
2025-07-30 09:38:49.321 [main] WARN  c.q.x.auth.runner.PushRolePermissions2RedisRunner - ==> 角色权限数据已经同步至 Redis 中，不再同步...
2025-07-30 09:38:49.324 [main] INFO  com.alibaba.nacos.client.config.impl.CacheData - nacos.cache.data.init.snapshot = true 
2025-07-30 09:38:49.325 [main] INFO  com.alibaba.nacos.client.config.impl.ClientWorker - [fixed-xiaohashu-127.0.0.1_8848] [subscribe] xiaohashu-auth.yaml+DEFAULT_GROUP+xiaohashu
2025-07-30 09:38:49.333 [main] INFO  com.alibaba.nacos.client.config.impl.CacheData - [fixed-xiaohashu-127.0.0.1_8848] [add-listener] ok, tenant=xiaohashu, dataId=xiaohashu-auth.yaml, group=DEFAULT_GROUP, cnt=1
2025-07-30 09:38:49.333 [main] INFO  c.a.cloud.nacos.refresh.NacosContextRefresher - [Nacos Config] Listening config: dataId=xiaohashu-auth.yaml, group=DEFAULT_GROUP
2025-07-30 09:38:49.334 [main] INFO  com.alibaba.nacos.client.config.impl.ClientWorker - [fixed-xiaohashu-127.0.0.1_8848] [subscribe] xiaohashu-auth-dev.yaml+DEFAULT_GROUP+xiaohashu
2025-07-30 09:38:49.334 [main] INFO  com.alibaba.nacos.client.config.impl.CacheData - [fixed-xiaohashu-127.0.0.1_8848] [add-listener] ok, tenant=xiaohashu, dataId=xiaohashu-auth-dev.yaml, group=DEFAULT_GROUP, cnt=1
2025-07-30 09:38:49.334 [main] INFO  c.a.cloud.nacos.refresh.NacosContextRefresher - [Nacos Config] Listening config: dataId=xiaohashu-auth-dev.yaml, group=DEFAULT_GROUP
2025-07-30 09:38:49.336 [main] INFO  com.alibaba.nacos.client.config.impl.ClientWorker - [fixed-xiaohashu-127.0.0.1_8848] [subscribe] xiaohashu-auth+DEFAULT_GROUP+xiaohashu
2025-07-30 09:38:49.336 [main] INFO  com.alibaba.nacos.client.config.impl.CacheData - [fixed-xiaohashu-127.0.0.1_8848] [add-listener] ok, tenant=xiaohashu, dataId=xiaohashu-auth, group=DEFAULT_GROUP, cnt=1
2025-07-30 09:38:49.336 [main] INFO  c.a.cloud.nacos.refresh.NacosContextRefresher - [Nacos Config] Listening config: dataId=xiaohashu-auth, group=DEFAULT_GROUP
2025-07-30 09:38:49.764 [main] INFO  com.quanxiaoha.xiaohashu.auth.DruidTests - privateKey: MIIBVQIBADANBgkqhkiG9w0BAQEFAASCAT8wggE7AgEAAkEAvYlLQdny5FTgo61ZdFBMB4qVqFTXJCU0G8LVpdFZ7tqsY5ijyB/g778/iZQrAwnL92ONL4AOkyMWlsMncID3mQIDAQABAkBaWhwbkLPGoCWUMRtfJLYRtEFChOsoSmnsP/VL/iAiiZ0U9yuaigvafAiS2rLZIwgu7AMM02Gz3fAdHIzVqXqvAiEAwnI9O/LYgfsMA/WBQVH/pPl7zQ+ypqDSsqOoJOm6sjcCIQD5iSg8dZfzIs1B0sYdaSkuZUtbDLwmFVjokqRGo6X8rwIhAKJgU9JkEXk58+a6dZ3eo+VYkZHEsiOD2W9kS13H8SgxAiEA3LlX3/Lcj3JvQRQhrg5BIQr0lvsyyjUDyeU8bkd/IX0CIC/VAHzQftM2hq7Ar/5KCenw2i1JzS6XVw/WAr9bI9sy
2025-07-30 09:38:49.764 [main] INFO  com.quanxiaoha.xiaohashu.auth.DruidTests - publicKey: MFwwDQYJKoZIhvcNAQEBBQADSwAwSAJBAL2JS0HZ8uRU4KOtWXRQTAeKlahU1yQlNBvC1aXRWe7arGOYo8gf4O+/P4mUKwMJy/djjS+ADpMjFpbDJ3CA95kCAwEAAQ==
2025-07-30 09:38:49.786 [main] INFO  com.quanxiaoha.xiaohashu.auth.DruidTests - password: JLFULjoXE/QPmcKdK1tHDKskv9WZdsQFoiKwXmQ3TDU0sugmlpgMMWkF7RoSPZTMDlcA+AeQuy7kGVQQ/6aInQ==
2025-07-30 09:38:49.806 [Thread-2] WARN  c.alibaba.nacos.common.http.HttpClientBeanHolder - [HttpClientBeanHolder] Start destroying common HttpClient
2025-07-30 09:38:49.802 [Thread-9] WARN  com.alibaba.nacos.common.notify.NotifyCenter - [NotifyCenter] Start destroying Publisher
2025-07-30 09:38:49.807 [Thread-9] WARN  com.alibaba.nacos.common.notify.NotifyCenter - [NotifyCenter] Destruction of the end
2025-07-30 09:38:49.808 [Thread-2] WARN  c.alibaba.nacos.common.http.HttpClientBeanHolder - [HttpClientBeanHolder] Destruction of the end
2025-07-30 09:38:49.933 [SpringApplicationShutdownHook] INFO  com.alibaba.druid.pool.DruidDataSource - {dataSource-1} closing ...
2025-07-30 09:38:49.934 [SpringApplicationShutdownHook] INFO  com.alibaba.druid.pool.DruidDataSource - {dataSource-1} closed
2025-07-30 11:17:05.331 [main] WARN  com.alibaba.nacos.client.logging.NacosLogging - Load Logback Configuration of Nacos fail, message: Could not initialize Logback Nacos logging from classpath:nacos-logback.xml
2025-07-30 11:17:05.405 [main] WARN  com.alibaba.nacos.client.logging.NacosLogging - Load Logback Configuration of Nacos fail, message: Could not initialize Logback Nacos logging from classpath:nacos-logback.xml
2025-07-30 11:17:05.661 [main] WARN  com.alibaba.nacos.client.logging.NacosLogging - Load Logback Configuration of Nacos fail, message: Could not initialize Logback Nacos logging from classpath:nacos-logback.xml
2025-07-30 11:17:05.662 [main] INFO  com.alibaba.nacos.client.utils.ParamUtil - [settings] [req-serv] nacos-server port:8848
2025-07-30 11:17:05.663 [main] INFO  com.alibaba.nacos.client.utils.ParamUtil - [settings] [http-client] connect timeout:1000
2025-07-30 11:17:05.664 [main] INFO  com.alibaba.nacos.client.utils.ParamUtil - PER_TASK_CONFIG_SIZE: 3000.0
2025-07-30 11:17:05.703 [main] INFO  c.a.n.p.auth.spi.client.ClientAuthPluginManager - [ClientAuthPluginManager] Load ClientAuthService com.alibaba.nacos.client.auth.impl.NacosClientAuthServiceImpl success.
2025-07-30 11:17:05.703 [main] INFO  c.a.n.p.auth.spi.client.ClientAuthPluginManager - [ClientAuthPluginManager] Load ClientAuthService com.alibaba.nacos.client.auth.ram.RamClientAuthServiceImpl success.
2025-07-30 11:17:05.706 [main] INFO  c.a.n.client.auth.ram.identify.CredentialWatcher - null No credential found
2025-07-30 11:17:06.951 [main] WARN  com.alibaba.nacos.client.logging.NacosLogging - Load Logback Configuration of Nacos fail, message: Could not initialize Logback Nacos logging from classpath:nacos-logback.xml
2025-07-30 11:17:06.971 [main] INFO  c.a.n.client.config.impl.LocalConfigInfoProcessor - LOCAL_SNAPSHOT_PATH:C:\Users\50723\nacos\config
2025-07-30 11:17:06.986 [main] INFO  com.alibaba.nacos.common.remote.client - [RpcClientFactory] create a new rpc client of b331c037-e6ed-41a0-9c24-8be85d152086_config-0
2025-07-30 11:17:07.029 [main] INFO  com.alibaba.nacos.common.remote.client - [b331c037-e6ed-41a0-9c24-8be85d152086_config-0] Register server push request handler:com.alibaba.nacos.client.config.impl.ClientWorker$ConfigRpcTransportClient$$Lambda$931/0x000002175c46e908
2025-07-30 11:17:07.030 [main] INFO  com.alibaba.nacos.common.remote.client - [b331c037-e6ed-41a0-9c24-8be85d152086_config-0] Register server push request handler:com.alibaba.nacos.client.config.impl.ClientWorker$ConfigRpcTransportClient$$Lambda$932/0x000002175c46ed28
2025-07-30 11:17:07.031 [main] INFO  com.alibaba.nacos.common.remote.client - [b331c037-e6ed-41a0-9c24-8be85d152086_config-0] Registry connection listener to current client:com.alibaba.nacos.client.config.impl.ClientWorker$ConfigRpcTransportClient$1
2025-07-30 11:17:07.032 [main] INFO  com.alibaba.nacos.common.remote.client - [b331c037-e6ed-41a0-9c24-8be85d152086_config-0] RpcClient init, ServerListFactory = com.alibaba.nacos.client.config.impl.ClientWorker$ConfigRpcTransportClient$2
2025-07-30 11:17:07.048 [main] INFO  com.alibaba.nacos.common.remote.client - [b331c037-e6ed-41a0-9c24-8be85d152086_config-0] Try to connect to server on start up, server: {serverIp = '127.0.0.1', server main port = 8848}
2025-07-30 11:17:07.095 [main] INFO  c.a.nacos.common.remote.client.grpc.GrpcClient - grpc client connection server:127.0.0.1 ip,serverPort:9848,grpcTslConfig:{"sslProvider":"OPENSSL","enableTls":false,"mutualAuthEnable":false,"trustAll":false}
2025-07-30 11:17:08.007 [main] INFO  com.alibaba.nacos.common.remote.client - [b331c037-e6ed-41a0-9c24-8be85d152086_config-0] Success to connect to server [127.0.0.1:8848] on start up, connectionId = 1753845427810_127.0.0.1_51365
2025-07-30 11:17:08.008 [com.alibaba.nacos.client.remote.worker] INFO  com.alibaba.nacos.common.remote.client - [b331c037-e6ed-41a0-9c24-8be85d152086_config-0] Notify connected event to listeners.
2025-07-30 11:17:08.008 [com.alibaba.nacos.client.remote.worker] INFO  com.alibaba.nacos.client.config.impl.ClientWorker - [b331c037-e6ed-41a0-9c24-8be85d152086_config-0] Connected,notify listen context...
2025-07-30 11:17:08.008 [main] INFO  com.alibaba.nacos.common.remote.client - [b331c037-e6ed-41a0-9c24-8be85d152086_config-0] Register server push request handler:com.alibaba.nacos.common.remote.client.RpcClient$ConnectResetRequestHandler
2025-07-30 11:17:08.008 [main] INFO  com.alibaba.nacos.common.remote.client - [b331c037-e6ed-41a0-9c24-8be85d152086_config-0] Register server push request handler:com.alibaba.nacos.common.remote.client.RpcClient$$Lambda$951/0x000002175c5d63d0
2025-07-30 11:17:08.050 [main] INFO  com.alibaba.nacos.client.config.impl.Limiter - limitTime:5.0
2025-07-30 11:17:08.067 [main] INFO  com.alibaba.nacos.client.config.utils.JvmUtil - isMultiInstance:false
2025-07-30 11:17:08.078 [main] WARN  c.a.cloud.nacos.client.NacosPropertySourceBuilder - Ignore the empty nacos configuration and get it based on dataId[xiaohashu-auth.yaml] & group[DEFAULT_GROUP]
2025-07-30 11:17:08.083 [main] INFO  o.s.c.b.c.PropertySourceBootstrapConfiguration - Located property source: [BootstrapPropertySource {name='bootstrapProperties-xiaohashu-auth-dev.yaml,DEFAULT_GROUP'}, BootstrapPropertySource {name='bootstrapProperties-xiaohashu-auth.yaml,DEFAULT_GROUP'}, BootstrapPropertySource {name='bootstrapProperties-xiaohashu-auth,DEFAULT_GROUP'}]
2025-07-30 11:17:08.128 [main] WARN  com.alibaba.nacos.client.logging.NacosLogging - Load Logback Configuration of Nacos fail, message: Could not initialize Logback Nacos logging from classpath:nacos-logback.xml
2025-07-30 11:17:08.130 [main] INFO  com.quanxiaoha.xiaohashu.auth.DruidTests - The following 1 profile is active: "dev"
2025-07-30 11:17:09.134 [main] INFO  o.s.d.r.config.RepositoryConfigurationDelegate - Multiple Spring Data modules found, entering strict repository configuration mode
2025-07-30 11:17:09.139 [main] INFO  o.s.d.r.config.RepositoryConfigurationDelegate - Bootstrapping Spring Data Redis repositories in DEFAULT mode.
2025-07-30 11:17:09.197 [main] INFO  o.s.d.r.config.RepositoryConfigurationDelegate - Finished Spring Data repository scanning in 17 ms. Found 0 Redis repository interfaces.
2025-07-30 11:17:09.444 [main] INFO  o.springframework.cloud.context.scope.GenericScope - BeanFactory id=910ebcdb-7352-32bf-a4a0-35874adde722
2025-07-30 11:17:09.969 [main] INFO  c.a.d.s.b.a.DruidDataSourceAutoConfigure - Init DruidDataSource
2025-07-30 11:17:10.107 [main] INFO  com.alibaba.druid.pool.DruidDataSource - {dataSource-1} inited
2025-07-30 11:17:13.017 [main] INFO  org.springframework.cloud.commons.util.InetUtils - Cannot determine local hostname
2025-07-30 11:17:14.431 [main] INFO  org.springframework.cloud.commons.util.InetUtils - Cannot determine local hostname
2025-07-30 11:17:14.465 [main] INFO  com.quanxiaoha.xiaohashu.auth.DruidTests - Started DruidTests in 10.72 seconds (process running for 11.95)
2025-07-30 11:17:14.466 [main] INFO  c.q.x.auth.runner.PushRolePermissions2RedisRunner - ==> 服务启动，开始同步角色权限数据到 Redis 中...
2025-07-30 11:17:14.878 [main] WARN  c.q.x.auth.runner.PushRolePermissions2RedisRunner - ==> 角色权限数据已经同步至 Redis 中，不再同步...
2025-07-30 11:17:14.880 [main] INFO  com.alibaba.nacos.client.config.impl.CacheData - nacos.cache.data.init.snapshot = true 
2025-07-30 11:17:14.881 [main] INFO  com.alibaba.nacos.client.config.impl.ClientWorker - [fixed-xiaohashu-127.0.0.1_8848] [subscribe] xiaohashu-auth.yaml+DEFAULT_GROUP+xiaohashu
2025-07-30 11:17:14.887 [main] INFO  com.alibaba.nacos.client.config.impl.CacheData - [fixed-xiaohashu-127.0.0.1_8848] [add-listener] ok, tenant=xiaohashu, dataId=xiaohashu-auth.yaml, group=DEFAULT_GROUP, cnt=1
2025-07-30 11:17:14.887 [main] INFO  c.a.cloud.nacos.refresh.NacosContextRefresher - [Nacos Config] Listening config: dataId=xiaohashu-auth.yaml, group=DEFAULT_GROUP
2025-07-30 11:17:14.889 [main] INFO  com.alibaba.nacos.client.config.impl.ClientWorker - [fixed-xiaohashu-127.0.0.1_8848] [subscribe] xiaohashu-auth-dev.yaml+DEFAULT_GROUP+xiaohashu
2025-07-30 11:17:14.889 [main] INFO  com.alibaba.nacos.client.config.impl.CacheData - [fixed-xiaohashu-127.0.0.1_8848] [add-listener] ok, tenant=xiaohashu, dataId=xiaohashu-auth-dev.yaml, group=DEFAULT_GROUP, cnt=1
2025-07-30 11:17:14.889 [main] INFO  c.a.cloud.nacos.refresh.NacosContextRefresher - [Nacos Config] Listening config: dataId=xiaohashu-auth-dev.yaml, group=DEFAULT_GROUP
2025-07-30 11:17:14.890 [main] INFO  com.alibaba.nacos.client.config.impl.ClientWorker - [fixed-xiaohashu-127.0.0.1_8848] [subscribe] xiaohashu-auth+DEFAULT_GROUP+xiaohashu
2025-07-30 11:17:14.890 [main] INFO  com.alibaba.nacos.client.config.impl.CacheData - [fixed-xiaohashu-127.0.0.1_8848] [add-listener] ok, tenant=xiaohashu, dataId=xiaohashu-auth, group=DEFAULT_GROUP, cnt=1
2025-07-30 11:17:14.890 [main] INFO  c.a.cloud.nacos.refresh.NacosContextRefresher - [Nacos Config] Listening config: dataId=xiaohashu-auth, group=DEFAULT_GROUP
2025-07-30 11:17:15.374 [main] INFO  com.quanxiaoha.xiaohashu.auth.DruidTests - privateKey: MIIBVAIBADANBgkqhkiG9w0BAQEFAASCAT4wggE6AgEAAkEAkdoU6D6XzrCjZcvJin2M4SdLWsZfaapzVzoXi5IPEfQTD4XXAvk+6KMA9jxYZWTHrYkllpZmfep2HAPmk9lLeQIDAQABAkAp7+brEHRd/fQ9pOcCZy9G3iGQrFFq9JPNlOqIOysSIgbxaKQQIsVCPSsoODeOhHBifixcs4C2TIPNifQp1xPxAiEA6TUMxvLLrg6RdaKN1rp1/wuxuShMRuGTANPX3uLctOMCIQCgG1yRcDbW1EaB9h15QxZb2zDUdGCn34tvDyT/N4uI8wIhALeHQF7xhMmePWtOWkG6zFHDakJFLII70+y6yxBliTvxAiBWfBE3ur7UstvXTePD4fpM6gzpZmfjpnxCJJMejZmBAwIgabcieWocwC5tR5cQR2LkgLYjIejqnFEFjr/h8cDxom8=
2025-07-30 11:17:15.374 [main] INFO  com.quanxiaoha.xiaohashu.auth.DruidTests - publicKey: MFwwDQYJKoZIhvcNAQEBBQADSwAwSAJBAJHaFOg+l86wo2XLyYp9jOEnS1rGX2mqc1c6F4uSDxH0Ew+F1wL5PuijAPY8WGVkx62JJZaWZn3qdhwD5pPZS3kCAwEAAQ==
2025-07-30 11:17:15.394 [main] INFO  com.quanxiaoha.xiaohashu.auth.DruidTests - password: FUd2JOvN/IlI5G22em8asOFk8yAHErSmQCPmf4InjmOnb/0Ij+lLdxOTbmZntvlLIapmnPT9E6efCuhRDXkYpA==
2025-07-30 11:17:15.408 [Thread-9] WARN  com.alibaba.nacos.common.notify.NotifyCenter - [NotifyCenter] Start destroying Publisher
2025-07-30 11:17:15.407 [Thread-2] WARN  c.alibaba.nacos.common.http.HttpClientBeanHolder - [HttpClientBeanHolder] Start destroying common HttpClient
2025-07-30 11:17:15.408 [Thread-9] WARN  com.alibaba.nacos.common.notify.NotifyCenter - [NotifyCenter] Destruction of the end
2025-07-30 11:17:15.408 [Thread-2] WARN  c.alibaba.nacos.common.http.HttpClientBeanHolder - [HttpClientBeanHolder] Destruction of the end
2025-07-30 11:17:15.547 [SpringApplicationShutdownHook] INFO  com.alibaba.druid.pool.DruidDataSource - {dataSource-1} closing ...
2025-07-30 11:17:15.548 [SpringApplicationShutdownHook] INFO  com.alibaba.druid.pool.DruidDataSource - {dataSource-1} closed
2025-07-30 11:19:39.942 [main] WARN  com.alibaba.nacos.client.logging.NacosLogging - Load Logback Configuration of Nacos fail, message: Could not initialize Logback Nacos logging from classpath:nacos-logback.xml
2025-07-30 11:19:40.035 [main] WARN  com.alibaba.nacos.client.logging.NacosLogging - Load Logback Configuration of Nacos fail, message: Could not initialize Logback Nacos logging from classpath:nacos-logback.xml
2025-07-30 11:19:40.269 [main] WARN  com.alibaba.nacos.client.logging.NacosLogging - Load Logback Configuration of Nacos fail, message: Could not initialize Logback Nacos logging from classpath:nacos-logback.xml
2025-07-30 11:19:40.271 [main] INFO  com.alibaba.nacos.client.utils.ParamUtil - [settings] [req-serv] nacos-server port:8848
2025-07-30 11:19:40.271 [main] INFO  com.alibaba.nacos.client.utils.ParamUtil - [settings] [http-client] connect timeout:1000
2025-07-30 11:19:40.273 [main] INFO  com.alibaba.nacos.client.utils.ParamUtil - PER_TASK_CONFIG_SIZE: 3000.0
2025-07-30 11:19:40.311 [main] INFO  c.a.n.p.auth.spi.client.ClientAuthPluginManager - [ClientAuthPluginManager] Load ClientAuthService com.alibaba.nacos.client.auth.impl.NacosClientAuthServiceImpl success.
2025-07-30 11:19:40.311 [main] INFO  c.a.n.p.auth.spi.client.ClientAuthPluginManager - [ClientAuthPluginManager] Load ClientAuthService com.alibaba.nacos.client.auth.ram.RamClientAuthServiceImpl success.
2025-07-30 11:19:40.316 [main] INFO  c.a.n.client.auth.ram.identify.CredentialWatcher - null No credential found
2025-07-30 11:19:41.557 [main] WARN  com.alibaba.nacos.client.logging.NacosLogging - Load Logback Configuration of Nacos fail, message: Could not initialize Logback Nacos logging from classpath:nacos-logback.xml
2025-07-30 11:19:41.571 [main] INFO  c.a.n.client.config.impl.LocalConfigInfoProcessor - LOCAL_SNAPSHOT_PATH:C:\Users\50723\nacos\config
2025-07-30 11:19:41.580 [main] INFO  com.alibaba.nacos.common.remote.client - [RpcClientFactory] create a new rpc client of 591f46fa-7013-4be7-8618-1461e1d41dab_config-0
2025-07-30 11:19:41.614 [main] INFO  com.alibaba.nacos.common.remote.client - [591f46fa-7013-4be7-8618-1461e1d41dab_config-0] Register server push request handler:com.alibaba.nacos.client.config.impl.ClientWorker$ConfigRpcTransportClient$$Lambda$931/0x000002209346eda8
2025-07-30 11:19:41.615 [main] INFO  com.alibaba.nacos.common.remote.client - [591f46fa-7013-4be7-8618-1461e1d41dab_config-0] Register server push request handler:com.alibaba.nacos.client.config.impl.ClientWorker$ConfigRpcTransportClient$$Lambda$932/0x000002209346f1c8
2025-07-30 11:19:41.616 [main] INFO  com.alibaba.nacos.common.remote.client - [591f46fa-7013-4be7-8618-1461e1d41dab_config-0] Registry connection listener to current client:com.alibaba.nacos.client.config.impl.ClientWorker$ConfigRpcTransportClient$1
2025-07-30 11:19:41.617 [main] INFO  com.alibaba.nacos.common.remote.client - [591f46fa-7013-4be7-8618-1461e1d41dab_config-0] RpcClient init, ServerListFactory = com.alibaba.nacos.client.config.impl.ClientWorker$ConfigRpcTransportClient$2
2025-07-30 11:19:41.633 [main] INFO  com.alibaba.nacos.common.remote.client - [591f46fa-7013-4be7-8618-1461e1d41dab_config-0] Try to connect to server on start up, server: {serverIp = '127.0.0.1', server main port = 8848}
2025-07-30 11:19:41.681 [main] INFO  c.a.nacos.common.remote.client.grpc.GrpcClient - grpc client connection server:127.0.0.1 ip,serverPort:9848,grpcTslConfig:{"sslProvider":"OPENSSL","enableTls":false,"mutualAuthEnable":false,"trustAll":false}
2025-07-30 11:19:42.606 [main] INFO  com.alibaba.nacos.common.remote.client - [591f46fa-7013-4be7-8618-1461e1d41dab_config-0] Success to connect to server [127.0.0.1:8848] on start up, connectionId = 1753845582421_127.0.0.1_51561
2025-07-30 11:19:42.607 [com.alibaba.nacos.client.remote.worker] INFO  com.alibaba.nacos.common.remote.client - [591f46fa-7013-4be7-8618-1461e1d41dab_config-0] Notify connected event to listeners.
2025-07-30 11:19:42.607 [com.alibaba.nacos.client.remote.worker] INFO  com.alibaba.nacos.client.config.impl.ClientWorker - [591f46fa-7013-4be7-8618-1461e1d41dab_config-0] Connected,notify listen context...
2025-07-30 11:19:42.607 [main] INFO  com.alibaba.nacos.common.remote.client - [591f46fa-7013-4be7-8618-1461e1d41dab_config-0] Register server push request handler:com.alibaba.nacos.common.remote.client.RpcClient$ConnectResetRequestHandler
2025-07-30 11:19:42.607 [main] INFO  com.alibaba.nacos.common.remote.client - [591f46fa-7013-4be7-8618-1461e1d41dab_config-0] Register server push request handler:com.alibaba.nacos.common.remote.client.RpcClient$$Lambda$951/0x00000220935d6608
2025-07-30 11:19:42.652 [main] INFO  com.alibaba.nacos.client.config.impl.Limiter - limitTime:5.0
2025-07-30 11:19:42.667 [main] INFO  com.alibaba.nacos.client.config.utils.JvmUtil - isMultiInstance:false
2025-07-30 11:19:42.682 [main] WARN  c.a.cloud.nacos.client.NacosPropertySourceBuilder - Ignore the empty nacos configuration and get it based on dataId[xiaohashu-auth.yaml] & group[DEFAULT_GROUP]
2025-07-30 11:19:42.690 [main] INFO  o.s.c.b.c.PropertySourceBootstrapConfiguration - Located property source: [BootstrapPropertySource {name='bootstrapProperties-xiaohashu-auth-dev.yaml,DEFAULT_GROUP'}, BootstrapPropertySource {name='bootstrapProperties-xiaohashu-auth.yaml,DEFAULT_GROUP'}, BootstrapPropertySource {name='bootstrapProperties-xiaohashu-auth,DEFAULT_GROUP'}]
2025-07-30 11:19:42.727 [main] WARN  com.alibaba.nacos.client.logging.NacosLogging - Load Logback Configuration of Nacos fail, message: Could not initialize Logback Nacos logging from classpath:nacos-logback.xml
2025-07-30 11:19:42.728 [main] INFO  com.quanxiaoha.xiaohashu.auth.DruidTests - The following 1 profile is active: "dev"
2025-07-30 11:19:43.653 [main] INFO  o.s.d.r.config.RepositoryConfigurationDelegate - Multiple Spring Data modules found, entering strict repository configuration mode
2025-07-30 11:19:43.657 [main] INFO  o.s.d.r.config.RepositoryConfigurationDelegate - Bootstrapping Spring Data Redis repositories in DEFAULT mode.
2025-07-30 11:19:43.690 [main] INFO  o.s.d.r.config.RepositoryConfigurationDelegate - Finished Spring Data repository scanning in 15 ms. Found 0 Redis repository interfaces.
2025-07-30 11:19:43.889 [main] INFO  o.springframework.cloud.context.scope.GenericScope - BeanFactory id=910ebcdb-7352-32bf-a4a0-35874adde722
2025-07-30 11:19:44.303 [main] INFO  c.a.d.s.b.a.DruidDataSourceAutoConfigure - Init DruidDataSource
2025-07-30 11:19:44.423 [main] INFO  com.alibaba.druid.pool.DruidDataSource - {dataSource-1} inited
2025-07-30 11:19:47.300 [main] INFO  org.springframework.cloud.commons.util.InetUtils - Cannot determine local hostname
2025-07-30 11:19:48.692 [main] INFO  org.springframework.cloud.commons.util.InetUtils - Cannot determine local hostname
2025-07-30 11:19:48.727 [main] INFO  com.quanxiaoha.xiaohashu.auth.DruidTests - Started DruidTests in 10.584 seconds (process running for 11.852)
2025-07-30 11:19:48.729 [main] INFO  c.q.x.auth.runner.PushRolePermissions2RedisRunner - ==> 服务启动，开始同步角色权限数据到 Redis 中...
2025-07-30 11:19:49.130 [main] WARN  c.q.x.auth.runner.PushRolePermissions2RedisRunner - ==> 角色权限数据已经同步至 Redis 中，不再同步...
2025-07-30 11:19:49.133 [main] INFO  com.alibaba.nacos.client.config.impl.CacheData - nacos.cache.data.init.snapshot = true 
2025-07-30 11:19:49.133 [main] INFO  com.alibaba.nacos.client.config.impl.ClientWorker - [fixed-xiaohashu-127.0.0.1_8848] [subscribe] xiaohashu-auth.yaml+DEFAULT_GROUP+xiaohashu
2025-07-30 11:19:49.140 [main] INFO  com.alibaba.nacos.client.config.impl.CacheData - [fixed-xiaohashu-127.0.0.1_8848] [add-listener] ok, tenant=xiaohashu, dataId=xiaohashu-auth.yaml, group=DEFAULT_GROUP, cnt=1
2025-07-30 11:19:49.140 [main] INFO  c.a.cloud.nacos.refresh.NacosContextRefresher - [Nacos Config] Listening config: dataId=xiaohashu-auth.yaml, group=DEFAULT_GROUP
2025-07-30 11:19:49.142 [main] INFO  com.alibaba.nacos.client.config.impl.ClientWorker - [fixed-xiaohashu-127.0.0.1_8848] [subscribe] xiaohashu-auth-dev.yaml+DEFAULT_GROUP+xiaohashu
2025-07-30 11:19:49.142 [main] INFO  com.alibaba.nacos.client.config.impl.CacheData - [fixed-xiaohashu-127.0.0.1_8848] [add-listener] ok, tenant=xiaohashu, dataId=xiaohashu-auth-dev.yaml, group=DEFAULT_GROUP, cnt=1
2025-07-30 11:19:49.143 [main] INFO  c.a.cloud.nacos.refresh.NacosContextRefresher - [Nacos Config] Listening config: dataId=xiaohashu-auth-dev.yaml, group=DEFAULT_GROUP
2025-07-30 11:19:49.151 [main] INFO  com.alibaba.nacos.client.config.impl.ClientWorker - [fixed-xiaohashu-127.0.0.1_8848] [subscribe] xiaohashu-auth+DEFAULT_GROUP+xiaohashu
2025-07-30 11:19:49.152 [main] INFO  com.alibaba.nacos.client.config.impl.CacheData - [fixed-xiaohashu-127.0.0.1_8848] [add-listener] ok, tenant=xiaohashu, dataId=xiaohashu-auth, group=DEFAULT_GROUP, cnt=1
2025-07-30 11:19:49.152 [main] INFO  c.a.cloud.nacos.refresh.NacosContextRefresher - [Nacos Config] Listening config: dataId=xiaohashu-auth, group=DEFAULT_GROUP
2025-07-30 11:19:49.537 [main] INFO  com.quanxiaoha.xiaohashu.auth.DruidTests - privateKey: MIIBVQIBADANBgkqhkiG9w0BAQEFAASCAT8wggE7AgEAAkEAmAZ/wcAwFP2qf8IVaCi1uGu/jXMxgx0so6oAnfunBWD0gUYjgXq+s7+Z63T6LOLkA/BOZDr0DZY2ZQmMXiTIOQIDAQABAkAN8WymvcR7LF/Gm2ugs7kk+rblF4dXPeYB9b3cP4AsUTkTNUe0prz6Y/nC1uDxQm66KNk/55R3jMA86uZ64GlhAiEAo9FyZYAhhgGmCLSl+37Ul0J0Imp7nxN1kw8/si7Kb2kCIQDtkkPSiWfjaeaJm+QN7piiRfhDPYxAEgAxdm2YZHJIUQIgGoars2vQAdb6f6Zgyhx7aBLGo1wCsHuCKlHpynxxIyECIQDhGBe40MYlO/7Z3WHMLYhjIGak1xkez69tLieTH4EEsQIhAI8rj2DXpwAyyDmUtAMvKdVH85b3y2n61SRt7P/fRI3F
2025-07-30 11:19:49.537 [main] INFO  com.quanxiaoha.xiaohashu.auth.DruidTests - publicKey: MFwwDQYJKoZIhvcNAQEBBQADSwAwSAJBAJgGf8HAMBT9qn/CFWgotbhrv41zMYMdLKOqAJ37pwVg9IFGI4F6vrO/met0+izi5APwTmQ69A2WNmUJjF4kyDkCAwEAAQ==
2025-07-30 11:19:49.557 [main] INFO  com.quanxiaoha.xiaohashu.auth.DruidTests - password: evKZaLy3xiHW0vXkKWyBVeBZCdRk5zmCoMSWJ7c5Lei+LprOkqWJV/5xlY0wjabjXO4+hfKp1+BHXqA8t5XbvA==
2025-07-30 11:19:49.572 [Thread-2] WARN  c.alibaba.nacos.common.http.HttpClientBeanHolder - [HttpClientBeanHolder] Start destroying common HttpClient
2025-07-30 11:19:49.572 [Thread-9] WARN  com.alibaba.nacos.common.notify.NotifyCenter - [NotifyCenter] Start destroying Publisher
2025-07-30 11:19:49.572 [Thread-9] WARN  com.alibaba.nacos.common.notify.NotifyCenter - [NotifyCenter] Destruction of the end
2025-07-30 11:19:49.573 [Thread-2] WARN  c.alibaba.nacos.common.http.HttpClientBeanHolder - [HttpClientBeanHolder] Destruction of the end
2025-07-30 11:19:49.711 [SpringApplicationShutdownHook] INFO  com.alibaba.druid.pool.DruidDataSource - {dataSource-1} closing ...
2025-07-30 11:19:49.712 [SpringApplicationShutdownHook] INFO  com.alibaba.druid.pool.DruidDataSource - {dataSource-1} closed
