2024-05-15 16:36:54.763 [main] INFO  c.q.xiaohashu.auth.XiaohashuAuthApplication - Starting XiaohashuAuthApplication using Java 21.0.2 with PID 21028 (E:\java_workspace\xiaohashu2\xiaohashu-auth\target\classes started by Administrator in E:\java_workspace\xiaohashu2)
2024-05-15 16:36:54.764 [main] INFO  c.q.xiaohashu.auth.XiaohashuAuthApplication - The following 1 profile is active: "dev"
2024-05-15 16:36:55.241 [main] INFO  o.s.boot.web.embedded.tomcat.TomcatWebServer - Tomcat initialized with port(s): 8080 (http)
2024-05-15 16:36:55.245 [main] INFO  org.apache.catalina.core.StandardService - Starting service [Tomcat]
2024-05-15 16:36:55.245 [main] INFO  org.apache.catalina.core.StandardEngine - Starting Servlet engine: [Apache Tomcat/10.1.5]
2024-05-15 16:36:55.282 [main] INFO  o.a.c.core.ContainerBase.[Tomcat].[localhost].[/] - Initializing Spring embedded WebApplicationContext
2024-05-15 16:36:55.282 [main] INFO  o.s.b.w.s.c.ServletWebServerApplicationContext - Root WebApplicationContext: initialization completed in 498 ms
2024-05-15 16:36:55.461 [main] INFO  c.a.d.s.b.a.DruidDataSourceAutoConfigure - Init DruidDataSource
2024-05-15 16:36:55.593 [main] INFO  com.alibaba.druid.pool.DruidDataSource - {dataSource-1} inited
2024-05-15 16:36:55.729 [main] INFO  o.s.boot.web.embedded.tomcat.TomcatWebServer - Tomcat started on port(s): 8080 (http) with context path ''
2024-05-15 16:36:55.732 [main] INFO  c.q.xiaohashu.auth.XiaohashuAuthApplication - Started XiaohashuAuthApplication in 1.209 seconds (process running for 1.433)
2024-05-15 16:43:22.773 [SpringApplicationShutdownHook] INFO  com.alibaba.druid.pool.DruidDataSource - {dataSource-1} closing ...
2024-05-15 16:43:22.776 [SpringApplicationShutdownHook] INFO  com.alibaba.druid.pool.DruidDataSource - {dataSource-1} closed
2024-05-15 16:43:24.002 [main] INFO  c.q.xiaohashu.auth.XiaohashuAuthApplication - Starting XiaohashuAuthApplication using Java 21.0.2 with PID 46104 (E:\java_workspace\xiaohashu2\xiaohashu-auth\target\classes started by Administrator in E:\java_workspace\xiaohashu2)
2024-05-15 16:43:24.003 [main] INFO  c.q.xiaohashu.auth.XiaohashuAuthApplication - The following 1 profile is active: "dev"
2024-05-15 16:43:24.498 [main] INFO  o.s.boot.web.embedded.tomcat.TomcatWebServer - Tomcat initialized with port(s): 8080 (http)
2024-05-15 16:43:24.502 [main] INFO  org.apache.catalina.core.StandardService - Starting service [Tomcat]
2024-05-15 16:43:24.502 [main] INFO  org.apache.catalina.core.StandardEngine - Starting Servlet engine: [Apache Tomcat/10.1.5]
2024-05-15 16:43:24.538 [main] INFO  o.a.c.core.ContainerBase.[Tomcat].[localhost].[/] - Initializing Spring embedded WebApplicationContext
2024-05-15 16:43:24.539 [main] INFO  o.s.b.w.s.c.ServletWebServerApplicationContext - Root WebApplicationContext: initialization completed in 515 ms
2024-05-15 16:43:24.716 [main] INFO  c.a.d.s.b.a.DruidDataSourceAutoConfigure - Init DruidDataSource
2024-05-15 16:43:24.850 [main] INFO  com.alibaba.druid.pool.DruidDataSource - {dataSource-1} inited
2024-05-15 16:43:24.986 [main] INFO  o.s.boot.web.embedded.tomcat.TomcatWebServer - Tomcat started on port(s): 8080 (http) with context path ''
2024-05-15 16:43:24.988 [main] INFO  c.q.xiaohashu.auth.XiaohashuAuthApplication - Started XiaohashuAuthApplication in 1.236 seconds (process running for 1.463)
2024-05-15 17:19:15.807 [SpringApplicationShutdownHook] INFO  com.alibaba.druid.pool.DruidDataSource - {dataSource-1} closing ...
2024-05-15 17:19:15.808 [SpringApplicationShutdownHook] INFO  com.alibaba.druid.pool.DruidDataSource - {dataSource-1} closed
